// Jest Snapshot v1, https://goo.gl/fbAQLP

exports[`Video.vue show/hide links on authentification renders correctly 1`] = `
<div class="container">
  <div class="row justify-content-md-center">
    <div class="col col-sm-10 ">
      <h1>video 2</h1> <video vjs-big-play-centered="" src="https://ak.picdn.net/shutterstock/videos/1054068659/preview/stock-footage-group-of-young-boys-play-soccer-training-day-on-the-football-field-teenagers-play-football-on-a.webm" muted="muted" controls="controls" data-setup="{}" class="video-js"></video>
    </div>
  </div>
</div>
`;
