// Jest Snapshot v1, https://goo.gl/fbAQLP

exports[`Home.vue renders correctly 1`] = `
<div class="home">
  <div class="container-fluid">
    <div class="row">
      <div class="col-12 col-sm-6 col-md-4 col-lg-2">
        <div class="card">
          <div class="card-body"><img src="https://loremflickr.com/320/240/movies/all?1" class="card-img-top">
            <h5 class="card-title">Video 1</h5>
            <p>Price 0$</p>
          </div>
        </div>
      </div>
      <div class="col-12 col-sm-6 col-md-4 col-lg-2">
        <div class="card">
          <div class="card-body"><img src="https://loremflickr.com/320/240/movies/all?3" class="card-img-top">
            <h5 class="card-title">Video 2</h5>
            <p>Price 16$</p>
          </div>
        </div>
      </div>
      <div class="col-12 col-sm-6 col-md-4 col-lg-2">
        <div class="card">
          <div class="card-body"><img src="https://loremflickr.com/320/240/movies/all?4" class="card-img-top">
            <h5 class="card-title">Video 3</h5>
            <p>Price 5$</p>
          </div>
        </div>
      </div>
      <div class="col-12 col-sm-6 col-md-4 col-lg-2">
        <div class="card">
          <div class="card-body"><img src="https://loremflickr.com/320/240/movies/all?8" class="card-img-top">
            <h5 class="card-title">Video 4</h5>
            <p>Price 21$</p>
          </div>
        </div>
      </div>
      <div class="col-12 col-sm-6 col-md-4 col-lg-2">
        <div class="card">
          <div class="card-body"><img src="https://loremflickr.com/320/240/movies/all?14" class="card-img-top">
            <h5 class="card-title">Video 5</h5>
            <p>Price 29$</p>
          </div>
        </div>
      </div>
      <div class="col-12 col-sm-6 col-md-4 col-lg-2">
        <div class="card">
          <div class="card-body"><img src="https://loremflickr.com/320/240/sport/all" class="card-img-top">
            <h5 class="card-title">Video 6</h5>
            <p>Price 2$</p>
          </div>
        </div>
      </div>
      <div class="col-12 col-sm-6 col-md-4 col-lg-2">
        <div class="card">
          <div class="card-body"><img src="https://loremflickr.com/320/240/fun/all" class="card-img-top">
            <h5 class="card-title">Video 7</h5>
            <p>Price 2$</p>
          </div>
        </div>
      </div>
    </div>
  </div>
</div>
`;
